I'm sorry, but errors were detected in your script. Please correct the
errors listed below, and try again.


File "game/script.rpy", line 105: invalid syntax
    password_lower = !l(password)
                      ^

Ren'Py Version: Ren'Py 8.1.0.23051307
Mon Jun  5 19:10:20 2023
